[INFO] Scanning for projects...
[INFO] 
[INFO] --------------------------< com.shloka:vedha >--------------------------
[INFO] Building  0.0.1-SNAPSHOT
[INFO]   from pom.xml
[INFO] --------------------------------[ jar ]---------------------------------
[INFO] 
[INFO] --- clean:3.5.0:clean (default-clean) @ vedha ---
[INFO] Deleting /home/qb/Desktop/vedha/target
[INFO] 
[INFO] --- resources:3.3.1:resources (default-resources) @ vedha ---
[INFO] Copying 1 resource from src/main/resources to target/classes
[INFO] Copying 0 resource from src/main/resources to target/classes
[INFO] 
[INFO] --- compiler:3.14.1:compile (default-compile) @ vedha ---
[INFO] Recompiling the module because of changed source code.
[INFO] Compiling 2 source files with javac [debug parameters release 25] to target/classes
[INFO] ------------------------------------------------------------------------
[INFO] BUILD SUCCESS
[INFO] ------------------------------------------------------------------------
[INFO] Total time:  4.302 s
[INFO] Finished at: 2026-04-11T01:35:34+05:30
[INFO] ------------------------------------------------------------------------
